BL51 BANKED LINKER/LOCATER V6.22.2.0                                                    09/11/2022  19:19:12  PAGE 1


BL51 BANKED LINKER/LOCATER V6.22.2.0, INVOKED BY:
D:\KEIL_C51\C51\BIN\BL51.EXE test.obj TO TEST1 PRINT (.\Listings\TEST1.m51) DISABLEWARNING (16)


MEMORY MODEL: SMALL


INPUT MODULES INCLUDED:
  test.obj (TEST)
  D:\KEIL_C51\C51\LIB\C51S.LIB (?C_STARTUP)


LINK MAP OF MODULE:  TEST1 (TEST)


            TYPE    BASE      LENGTH    RELOCATION   SEGMENT NAME
            -----------------------------------------------------

            * * * * * * *   D A T A   M E M O R Y   * * * * * * *
            REG     0000H     0008H     ABSOLUTE     "REG BANK 0"
            DATA    0008H     0002H     UNIT         ?DT?TEST
            IDATA   000AH     0001H     UNIT         ?STACK

            * * * * * * *   C O D E   M E M O R Y   * * * * * * *
            CODE    0000H     0003H     ABSOLUTE     
                    0003H     0008H                  *** GAP ***
            CODE    000BH     0003H     ABSOLUTE     
            CODE    000EH     00B0H     UNIT         ?PR?KEYSCAN?TEST
            CODE    00BEH     0050H     UNIT         ?PR?TIME0_INT?TEST
            CODE    010EH     0019H     UNIT         ?PR?_WRITE1602?TEST
            CODE    0127H     0019H     UNIT         ?PR?INIT1602?TEST
            CODE    0140H     0014H     UNIT         ?PR?DELAY100US?TEST
            CODE    0154H     0011H     UNIT         ?PR?MAIN?TEST
            CODE    0165H     000FH     UNIT         ?PR?_WRITEDAT?TEST
            CODE    0174H     000FH     UNIT         ?PR?TIME0_INIT?TEST
            CODE    0183H     000EH     UNIT         ?PR?_DELAY?TEST
            CODE    0191H     000CH     UNIT         ?C_C51STARTUP



OVERLAY MAP OF MODULE:   TEST1 (TEST)


SEGMENT
  +--> CALLED SEGMENT
---------------------
?C_C51STARTUP
  +--> ?PR?MAIN?TEST

?PR?MAIN?TEST
  +--> ?PR?INIT1602?TEST
  +--> ?PR?TIME0_INIT?TEST
  +--> ?PR?KEYSCAN?TEST

?PR?INIT1602?TEST
  +--> ?PR?_WRITE1602?TEST

?PR?_WRITE1602?TEST
BL51 BANKED LINKER/LOCATER V6.22.2.0                                                  09/11/2022  19:19:12  PAGE 2


  +--> ?PR?_WRITEDAT?TEST
  +--> ?PR?DELAY100US?TEST

?PR?_WRITEDAT?TEST
  +--> ?PR?DELAY100US?TEST

?PR?KEYSCAN?TEST
  +--> ?PR?_DELAY?TEST
  +--> ?PR?_WRITE1602?TEST
  +--> ?PR?_WRITEDAT?TEST



SYMBOL TABLE OF MODULE:  TEST1 (TEST)

  VALUE           TYPE          NAME
  ----------------------------------

  -------         MODULE        TEST
  C:0000H         SYMBOL        _ICE_DUMMY_
  D:0080H         PUBLIC        P0
  C:0127H         PUBLIC        init1602
  D:0090H         PUBLIC        P1
  D:00A0H         PUBLIC        P2
  D:00B0H         PUBLIC        P3
  C:014BH         PUBLIC        delay100us
  D:00A8H         PUBLIC        IE
  C:0183H         PUBLIC        _delay
  D:00B8H         PUBLIC        IP
  B:00B0H.6       PUBLIC        jian
  B:00A0H.7       PUBLIC        RS
  C:0154H         PUBLIC        main
  B:00A0H.6       PUBLIC        RW
  D:0008H         PUBLIC        count
  D:0098H         PUBLIC        SCON
  B:00B0H.7       PUBLIC        jia
  D:0089H         PUBLIC        TMOD
  D:0088H         PUBLIC        TCON
  C:0174H         PUBLIC        Time0_Init
  B:00A0H.5       PUBLIC        E
  D:008CH         PUBLIC        TH0
  C:00BEH         PUBLIC        Time0_Int
  D:0009H         PUBLIC        jd
  D:008AH         PUBLIC        TL0
  B:00B0H.0       PUBLIC        pwm
  B:0088H.4       PUBLIC        TR0
  D:00C8H         PUBLIC        T2CON
  C:016CH         PUBLIC        _writedat
  C:000EH         PUBLIC        keyscan
  C:011FH         PUBLIC        _write1602
  D:00D0H         PUBLIC        PSW
  -------         PROC          L?0055
  -------         ENDPROC       L?0055
  -------         PROC          DELAY100US
  -------         DO            
  D:0006H         SYMBOL        a
  D:0007H         SYMBOL        b
BL51 BANKED LINKER/LOCATER V6.22.2.0                                                  09/11/2022  19:19:12  PAGE 3


  -------         ENDDO         
  C:014BH         LINE#         16
  C:014BH         LINE#         17
  C:014BH         LINE#         19
  C:014DH         LINE#         20
  C:0153H         LINE#         21
  -------         ENDPROC       DELAY100US
  C:0110H         SYMBOL        L?0050
  C:0115H         SYMBOL        L?0051
  C:011AH         SYMBOL        L?0052
  -------         PROC          L?0049
  -------         ENDPROC       L?0049
  C:0110H         SYMBOL        L?0050
  C:0115H         SYMBOL        L?0051
  C:011AH         SYMBOL        L?0052
  -------         PROC          _WRITE1602
  D:0007H         SYMBOL        com
  C:011FH         LINE#         25
  C:011FH         LINE#         26
  C:011FH         LINE#         27
  C:0121H         LINE#         28
  C:0121H         LINE#         29
  C:0121H         LINE#         30
  C:0121H         LINE#         32
  C:0121H         LINE#         33
  C:0121H         LINE#         34
  C:0124H         LINE#         35
  C:0126H         LINE#         36
  -------         ENDPROC       _WRITE1602
  C:0167H         SYMBOL        L?0054
  -------         PROC          L?0053
  -------         ENDPROC       L?0053
  C:0167H         SYMBOL        L?0054
  -------         PROC          _WRITEDAT
  D:0007H         SYMBOL        dat
  C:016CH         LINE#         39
  C:016CH         LINE#         40
  C:016CH         LINE#         41
  C:016EH         LINE#         42
  C:016EH         LINE#         43
  C:016EH         LINE#         44
  C:016EH         LINE#         46
  C:016EH         LINE#         47
  C:016EH         LINE#         48
  C:0171H         LINE#         49
  C:0173H         LINE#         50
  -------         ENDPROC       _WRITEDAT
  -------         PROC          INIT1602
  C:0127H         LINE#         53
  C:0127H         LINE#         54
  C:0127H         LINE#         55
  C:012CH         LINE#         56
  C:0131H         LINE#         57
  C:0136H         LINE#         58
  C:013BH         LINE#         59
  -------         ENDPROC       INIT1602
  -------         PROC          _DELAY
BL51 BANKED LINKER/LOCATER V6.22.2.0                                                  09/11/2022  19:19:12  PAGE 4


  D:0007H         SYMBOL        i
  -------         DO            
  D:0007H         SYMBOL        j
  D:0006H         SYMBOL        k
  -------         ENDDO         
  C:0183H         LINE#         63
  C:0183H         LINE#         64
  C:0183H         LINE#         66
  C:0189H         LINE#         67
  C:0190H         LINE#         68
  -------         ENDPROC       _DELAY
  -------         PROC          TIME0_INIT
  C:0174H         LINE#         77
  C:0174H         LINE#         78
  C:0174H         LINE#         79
  C:0177H         LINE#         80
  C:017AH         LINE#         81
  C:017DH         LINE#         82
  C:0180H         LINE#         83
  C:0182H         LINE#         84
  -------         ENDPROC       TIME0_INIT
  -------         PROC          TIME0_INT
  C:00BEH         LINE#         86
  C:00CBH         LINE#         89
  C:00CEH         LINE#         90
  C:00D1H         LINE#         91
  C:00D8H         LINE#         92
  C:00D8H         LINE#         93
  C:00DAH         LINE#         94
  C:00DCH         LINE#         95
  C:00DCH         LINE#         96
  C:00F1H         LINE#         97
  C:00F5H         LINE#         99
  C:00F7H         LINE#         100
  C:00F7H         LINE#         102
  C:00F9H         LINE#         103
  C:0100H         LINE#         104
  C:0100H         LINE#         105
  C:0103H         LINE#         106
  C:0103H         LINE#         108
  -------         ENDPROC       TIME0_INT
  -------         PROC          KEYSCAN
  C:000EH         LINE#         112
  C:000EH         LINE#         113
  C:000EH         LINE#         114
  C:0011H         LINE#         115
  C:0011H         LINE#         116
  C:0016H         LINE#         117
  C:0019H         LINE#         118
  C:0019H         LINE#         119
  C:001BH         LINE#         120
  C:0020H         LINE#         121
  C:0020H         LINE#         122
  C:0020H         LINE#         123
  C:0020H         LINE#         124
  C:0020H         LINE#         125
  C:0023H         LINE#         126
BL51 BANKED LINKER/LOCATER V6.22.2.0                                                  09/11/2022  19:19:12  PAGE 5


  C:0023H         LINE#         127
  C:0028H         LINE#         128
  C:0028H         LINE#         129
  C:0028H         LINE#         130
  C:002BH         LINE#         131
  C:002DH         LINE#         132
  C:0030H         LINE#         134
  C:0030H         LINE#         135
  C:0035H         LINE#         136
  C:0035H         LINE#         137
  C:003AH         LINE#         138
  C:003CH         LINE#         139
  C:003CH         LINE#         140
  C:003FH         LINE#         141
  C:003FH         LINE#         142
  C:0044H         LINE#         143
  C:0044H         LINE#         144
  C:0046H         LINE#         145
  C:0049H         LINE#         146
  C:004BH         LINE#         147
  C:004EH         LINE#         148
  C:004EH         LINE#         149
  C:0053H         LINE#         150
  C:0053H         LINE#         151
  C:0055H         LINE#         152
  C:0055H         LINE#         153
  C:0055H         LINE#         154
  C:0058H         LINE#         155
  C:0058H         LINE#         157
  C:005BH         LINE#         158
  C:0060H         LINE#         159
  C:0063H         LINE#         160
  C:0066H         LINE#         161
  C:0066H         LINE#         162
  C:0066H         LINE#         164
  C:0069H         LINE#         165
  C:0069H         LINE#         166
  C:006EH         LINE#         167
  C:0071H         LINE#         168
  C:0071H         LINE#         169
  C:0073H         LINE#         170
  C:0078H         LINE#         171
  C:0078H         LINE#         172
  C:0078H         LINE#         173
  C:0078H         LINE#         174
  C:0078H         LINE#         175
  C:007BH         LINE#         176
  C:007BH         LINE#         177
  C:0080H         LINE#         178
  C:0080H         LINE#         179
  C:0080H         LINE#         180
  C:0083H         LINE#         181
  C:0085H         LINE#         182
  C:0088H         LINE#         184
  C:0088H         LINE#         185
  C:008DH         LINE#         186
  C:008DH         LINE#         187
BL51 BANKED LINKER/LOCATER V6.22.2.0                                                  09/11/2022  19:19:12  PAGE 6


  C:0092H         LINE#         188
  C:0094H         LINE#         189
  C:0094H         LINE#         190
  C:0097H         LINE#         191
  C:0097H         LINE#         192
  C:009CH         LINE#         193
  C:009CH         LINE#         194
  C:009EH         LINE#         195
  C:00A1H         LINE#         196
  C:00A3H         LINE#         197
  C:00A6H         LINE#         198
  C:00A6H         LINE#         199
  C:00ABH         LINE#         200
  C:00ABH         LINE#         201
  C:00ADH         LINE#         202
  C:00ADH         LINE#         203
  C:00ADH         LINE#         204
  C:00B0H         LINE#         205
  C:00B0H         LINE#         207
  C:00B3H         LINE#         208
  C:00B7H         LINE#         209
  C:00BAH         LINE#         210
  C:00BDH         LINE#         211
  C:00BDH         LINE#         212
  C:00BDH         LINE#         213
  -------         ENDPROC       KEYSCAN
  -------         PROC          MAIN
  C:0154H         LINE#         215
  C:0154H         LINE#         216
  C:0154H         LINE#         217
  C:0157H         LINE#         218
  C:015AH         LINE#         219
  C:015DH         LINE#         220
  C:0160H         LINE#         221
  C:0160H         LINE#         222
  C:0160H         LINE#         224
  C:0163H         LINE#         225
  -------         ENDPROC       MAIN
  -------         ENDMOD        TEST

Program Size: data=11.0 xdata=0 code=405
LINK/LOCATE RUN COMPLETE.  0 WARNING(S),  0 ERROR(S)
